#!/usr/bin/python3
"""
>>> BaseGeometry = __import__('7-base_geometry').BaseGeometry
>>> geo = BaseGeometry()
>>> try:
...     geo.area()
... except Exception as e:
...     print("[{}] {}".format(e.__class__.__name__, e))
[Exception] area() is not implemented
>>> try:
...     geo.integer_validator("my_int", "not an integer")
... except Exception as e:
...     print("[{}] {}".format(e.__class__.__name__, e))
[TypeError] my_int must be an integer
>>> try:
...     geo.integer_validator("my_int", -10)
... except Exception as e:
...     print("[{}] {}".format(e.__class__.__name__, e))
[ValueError] my_int must be greater than 0
>>> try:
...     geo.integer_validator("my_int", 50)
... except Exception:
...     print("integer_validator() raised Exception unexpectedly!")
"""
